::1 - - [07/Sep/2026 21:24:14] "GET /index.html?v=18 HTTP/1.1" 200 -
::1 - - [07/Sep/2026 21:24:14] "GET /assets/brand/avatar-j.webp HTTP/1.1" 304 -
::1 - - [07/Sep/2026 21:24:14] "GET /assets/brand/avatar-a.webp HTTP/1.1" 304 -
::1 - - [07/Sep/2026 21:24:14] "GET /assets/brand/logo-icon.webp HTTP/1.1" 304 -
::1 - - [07/Sep/2026 21:24:14] "GET /assets/brand/fokus.webp HTTP/1.1" 304 -
::1 - - [07/Sep/2026 21:24:14] "GET /assets/brand/sleep.webp HTTP/1.1" 304 -
::1 - - [07/Sep/2026 21:24:14] "GET /assets/brand/avatar-m.webp HTTP/1.1" 304 -
::1 - - [07/Sep/2026 21:24:14] "GET /assets/brand/relax.webp HTTP/1.1" 304 -
::1 - - [07/Sep/2026 21:24:14] "GET /assets/brand/magic-page-box.webp HTTP/1.1" 304 -
::1 - - [07/Sep/2026 21:24:14] "GET /assets/brand/balance.webp HTTP/1.1" 304 -
::1 - - [07/Sep/2026 21:24:14] "GET /assets/vanta-bg.js HTTP/1.1" 304 -
::1 - - [07/Sep/2026 21:24:14] code 404, message File not found
::1 - - [07/Sep/2026 21:24:14] "GET /favicon.ico HTTP/1.1" 404 -
::1 - - [07/Sep/2026 21:26:06] "GET /index.html?v=19 HTTP/1.1" 200 -
::1 - - [07/Sep/2026 21:26:06] code 404, message File not found
::1 - - [07/Sep/2026 21:26:06] "GET /favicon.ico HTTP/1.1" 404 -
::1 - - [07/Sep/2026 21:28:34] "GET /index.html?v=20 HTTP/1.1" 200 -
::1 - - [07/Sep/2026 21:28:34] code 404, message File not found
::1 - - [07/Sep/2026 21:28:34] "GET /favicon.ico HTTP/1.1" 404 -
::1 - - [07/Sep/2026 21:32:31] "GET /index.html?v=21 HTTP/1.1" 200 -
::1 - - [07/Sep/2026 21:32:31] code 404, message File not found
::1 - - [07/Sep/2026 21:32:31] "GET /favicon.ico HTTP/1.1" 404 -
::1 - - [07/Sep/2026 21:33:12] "GET /index.html?v=22 HTTP/1.1" 200 -
::1 - - [07/Sep/2026 21:33:12] code 404, message File not found
::1 - - [07/Sep/2026 21:33:12] "GET /favicon.ico HTTP/1.1" 404 -
::1 - - [07/Sep/2026 21:33:47] "GET /index.html?v=23 HTTP/1.1" 200 -
::1 - - [07/Sep/2026 21:33:47] code 404, message File not found
::1 - - [07/Sep/2026 21:33:47] "GET /favicon.ico HTTP/1.1" 404 -
::1 - - [07/Sep/2026 22:03:00] "HEAD /index.html HTTP/1.1" 200 -
::1 - - [07/Sep/2026 22:03:25] "GET /index.html?v=24 HTTP/1.1" 200 -
::1 - - [07/Sep/2026 22:03:25] code 404, message File not found
::1 - - [07/Sep/2026 22:03:25] "GET /favicon.ico HTTP/1.1" 404 -
::1 - - [07/Sep/2026 22:04:36] "GET /index.html?v=25 HTTP/1.1" 200 -
::1 - - [07/Sep/2026 22:04:36] code 404, message File not found
::1 - - [07/Sep/2026 22:04:36] "GET /favicon.ico HTTP/1.1" 404 -
::1 - - [07/Sep/2026 22:05:44] "GET /index.html?v=26 HTTP/1.1" 200 -
::1 - - [07/Sep/2026 22:05:44] code 404, message File not found
::1 - - [07/Sep/2026 22:05:44] "GET /favicon.ico HTTP/1.1" 404 -
::1 - - [07/Sep/2026 22:20:18] "HEAD /index.html HTTP/1.1" 200 -
::1 - - [07/Sep/2026 22:20:47] "GET /index.html?v=27 HTTP/1.1" 200 -
::1 - - [07/Sep/2026 22:20:47] code 404, message File not found
::1 - - [07/Sep/2026 22:20:47] "GET /favicon.ico HTTP/1.1" 404 -
::1 - - [07/Sep/2026 22:23:04] "GET /assets/brand/studio-scene.webp HTTP/1.1" 304 -
::1 - - [07/Sep/2026 22:23:10] "GET /index.html?v=28 HTTP/1.1" 200 -
::1 - - [07/Sep/2026 22:23:10] code 404, message File not found
::1 - - [07/Sep/2026 22:23:10] "GET /favicon.ico HTTP/1.1" 404 -
::1 - - [07/Sep/2026 22:25:19] "GET /index.html?v=29 HTTP/1.1" 200 -
::1 - - [07/Sep/2026 22:25:19] code 404, message File not found
::1 - - [07/Sep/2026 22:25:19] "GET /favicon.ico HTTP/1.1" 404 -
::1 - - [07/Sep/2026 22:32:05] "HEAD /index.html HTTP/1.1" 200 -
::1 - - [07/Sep/2026 22:32:31] "GET /index.html?v=30 HTTP/1.1" 200 -
::1 - - [07/Sep/2026 22:32:31] code 404, message File not found
::1 - - [07/Sep/2026 22:32:31] "GET /favicon.ico HTTP/1.1" 404 -
::1 - - [07/Sep/2026 22:32:49] code 404, message File not found
::1 - - [07/Sep/2026 22:32:49] "GET /favicon.ico HTTP/1.1" 404 -
::1 - - [07/Sep/2026 22:33:13] code 404, message File not found
::1 - - [07/Sep/2026 22:33:13] "GET /favicon.ico HTTP/1.1" 404 -
::1 - - [07/Sep/2026 22:44:33] "HEAD /index.html HTTP/1.1" 200 -
::1 - - [07/Sep/2026 22:44:59] "GET /index.html?v=31 HTTP/1.1" 200 -
::1 - - [07/Sep/2026 22:44:59] code 404, message File not found
::1 - - [07/Sep/2026 22:44:59] "GET /favicon.ico HTTP/1.1" 404 -
::1 - - [07/Sep/2026 22:55:03] "GET /index.html?v=99 HTTP/1.1" 200 -
::1 - - [07/Sep/2026 22:55:03] code 404, message File not found
::1 - - [07/Sep/2026 22:55:03] "GET /favicon.ico HTTP/1.1" 404 -
